// Jest Snapshot v1, https://goo.gl/fbAQLP

exports[`Header should create an instance of a card 1`] = `
ShallowWrapper {
  "length": 1,
  Symbol(enzyme.__root__): [Circular],
  Symbol(enzyme.__unrendered__): <Header />,
  Symbol(enzyme.__renderer__): Object {
    "batchedUpdates": [Function],
    "getNode": [Function],
    "render": [Function],
    "simulateEvent": [Function],
    "unmount": [Function],
  },
  Symbol(enzyme.__node__): Object {
    "instance": null,
    "key": null,
    "nodeType": "host",
    "props": Object {
      "children": Array [
        <h1>
          HappyNow?
</h1>,
        <h4>
          Find current and upcoming happy hour specials near you
</h4>,
        <Connect(SignIn) />,
        <button
          className="show-favorites-button"
>
          Favorites
</button>,
      ],
      "className": "header-section",
    },
    "ref": null,
    "rendered": Array [
      Object {
        "instance": null,
        "key": null,
        "nodeType": "host",
        "props": Object {
          "children": "HappyNow?",
        },
        "ref": null,
        "rendered": "HappyNow?",
        "type": "h1",
      },
      Object {
        "instance": null,
        "key": null,
        "nodeType": "host",
        "props": Object {
          "children": "Find current and upcoming happy hour specials near you",
        },
        "ref": null,
        "rendered": "Find current and upcoming happy hour specials near you",
        "type": "h4",
      },
      Object {
        "instance": null,
        "key": null,
        "nodeType": "class",
        "props": Object {},
        "ref": null,
        "rendered": null,
        "type": [Function],
      },
      Object {
        "instance": null,
        "key": null,
        "nodeType": "host",
        "props": Object {
          "children": "Favorites",
          "className": "show-favorites-button",
        },
        "ref": null,
        "rendered": "Favorites",
        "type": "button",
      },
    ],
    "type": "div",
  },
  Symbol(enzyme.__nodes__): Array [
    Object {
      "instance": null,
      "key": null,
      "nodeType": "host",
      "props": Object {
        "children": Array [
          <h1>
            HappyNow?
</h1>,
          <h4>
            Find current and upcoming happy hour specials near you
</h4>,
          <Connect(SignIn) />,
          <button
            className="show-favorites-button"
>
            Favorites
</button>,
        ],
        "className": "header-section",
      },
      "ref": null,
      "rendered": Array [
        Object {
          "instance": null,
          "key": null,
          "nodeType": "host",
          "props": Object {
            "children": "HappyNow?",
          },
          "ref": null,
          "rendered": "HappyNow?",
          "type": "h1",
        },
        Object {
          "instance": null,
          "key": null,
          "nodeType": "host",
          "props": Object {
            "children": "Find current and upcoming happy hour specials near you",
          },
          "ref": null,
          "rendered": "Find current and upcoming happy hour specials near you",
          "type": "h4",
        },
        Object {
          "instance": null,
          "key": null,
          "nodeType": "class",
          "props": Object {},
          "ref": null,
          "rendered": null,
          "type": [Function],
        },
        Object {
          "instance": null,
          "key": null,
          "nodeType": "host",
          "props": Object {
            "children": "Favorites",
            "className": "show-favorites-button",
          },
          "ref": null,
          "rendered": "Favorites",
          "type": "button",
        },
      ],
      "type": "div",
    },
  ],
  Symbol(enzyme.__options__): Object {
    "adapter": ReactSixteenAdapter {
      "options": Object {
        "enableComponentDidUpdateOnSetState": true,
      },
    },
  },
}
`;
